// Jest Snapshot v1, https://goo.gl/fbAQLP

exports[`default-config Returns correct values for staging sandboxid 1`] = `
Object {
  "api": Object {
    "prefix": "/",
  },
  "awsAccountId": "000000000000",
  "awsRegion": "eu-west-1",
  "cachingEnabled": false,
  "clusterEnv": "staging",
  "cognitoISP": Object {
    "listUserPools": Object {
      "promise": [MockFunction],
    },
  },
  "corsOriginUrl": Array [
    "https://sandbox.elabjournal.com",
    "https://elabjournal.com",
    "https://ui-mockedSandboxId.scp-staging.biomage.net",
  ],
  "datadogApiKey": "",
  "datadogAppKey": "",
  "domainName": "scp-staging.biomage.net",
  "emailDomainName": "https://ui-mockedSandboxId.scp-staging.biomage.net",
  "pipelineIgnoreSSLCertificate": false,
  "pipelineInstanceConfigUrl": "https://raw.githubusercontent.com/org/releases/master/staging/mockedSandboxId.yaml",
  "pipelineNamespace": "pipeline-mockedSandboxId",
  "podName": "local",
  "port": 3000,
  "publicApiUrl": "https://api-mockedSandboxId.scp-staging.biomage.net",
  "rdsSandboxId": "default",
  "sandboxId": "mockedSandboxId",
  "workerNamespace": "worker-mockedSandboxId",
  "workerVersion": 4,
}
`;
