// Jest Snapshot v1, https://goo.gl/fbAQLP

exports[`creatUserInvite Grants access if user is already registered and sends an email 1`] = `
Object {
  "Destination": Object {
    "ToAddresses": Array [
      "invited@example.com",
    ],
  },
  "Message": Object {
    "Body": Object {
      "Html": Object {
        "Charset": "UTF-8",
        "Data": "
        <html>
        <head>
        </head>
        <body>
            <p>
              Hello, <br/>
              Your collaborator inviter@example.com has invited you to explore their single cell RNA-seq project in Cellenics. <br/><br/>
              Access it with the link below: <br/>
              <a href=\\"https://test.com/experiments/experimentId/data-exploration\\">https://test.com/experiments/experimentId/data-exploration</a> <br/> <br/>
              Cellenics is a user-friendly online tool for single cell RNA-seq data analysis. <br/>
              The platform is designed specifically for biologists, and it's completely free for academic researchers.<br/><br/><div>test hi info</div>
              Best Regards, <br/>
              Cellenics team
            <p/>
        </body>
      </html>",
      },
      "Text": Object {
        "Charset": "UTF-8",
        "Data": "
        <html>
        <head>
        </head>
        <body>
            <p>
              Hello, <br/>
              Your collaborator inviter@example.com has invited you to explore their single cell RNA-seq project in Cellenics. <br/><br/>
              Access it with the link below: <br/>
              <a href=\\"https://test.com/experiments/experimentId/data-exploration\\">https://test.com/experiments/experimentId/data-exploration</a> <br/> <br/>
              Cellenics is a user-friendly online tool for single cell RNA-seq data analysis. <br/>
              The platform is designed specifically for biologists, and it's completely free for academic researchers.<br/><br/><div>test hi info</div>
              Best Regards, <br/>
              Cellenics team
            <p/>
        </body>
      </html>",
      },
    },
    "Subject": Object {
      "Charset": "UTF-8",
      "Data": "Invitation to join a project in Cellenics",
    },
  },
  "Source": "some@email.com",
}
`;

exports[`creatUserInvite Sends an invitation to sign up if user is not registered 1`] = `
Object {
  "Destination": Object {
    "ToAddresses": Array [
      "invited@example.com",
    ],
  },
  "Message": Object {
    "Body": Object {
      "Html": Object {
        "Charset": "UTF-8",
        "Data": "
        <html>
        <head>
        </head>
        <body>
            <p>
              Hello, <br/>
              Your collaborator inviter@example.com has invited you to explore their single cell RNA-seq project in Cellenics. <br/><br/>
              You need to create a Cellenics account in order to access the project. <br/>
              Register at <a href=\\"https://test.com\\">https://test.com</a> using this email address.<br/> <br/>

              Cellenics is a user-friendly online tool for single cell RNA-seq data analysis. <br/>
              The platform is designed specifically for biologists, and it's completely free for academic researchers.<br/><br/><div>test hi info</div>
              Best Regards, <br/>
              Cellenics team
            <p/>
        </body>
      </html>",
      },
      "Text": Object {
        "Charset": "UTF-8",
        "Data": "
        <html>
        <head>
        </head>
        <body>
            <p>
              Hello, <br/>
              Your collaborator inviter@example.com has invited you to explore their single cell RNA-seq project in Cellenics. <br/><br/>
              You need to create a Cellenics account in order to access the project. <br/>
              Register at <a href=\\"https://test.com\\">https://test.com</a> using this email address.<br/> <br/>

              Cellenics is a user-friendly online tool for single cell RNA-seq data analysis. <br/>
              The platform is designed specifically for biologists, and it's completely free for academic researchers.<br/><br/><div>test hi info</div>
              Best Regards, <br/>
              Cellenics team
            <p/>
        </body>
      </html>",
      },
    },
    "Subject": Object {
      "Charset": "UTF-8",
      "Data": "Invitation to join a project in Cellenics",
    },
  },
  "Source": "some@email.com",
}
`;
