// Jest Snapshot v1, https://goo.gl/fbAQLP

exports[`gem2s gem2sReponse - Pass on error message properly 1`] = `
[MockFunction] {
  "calls": Array [
    Array [
      "ExperimentUpdates-abcd1234",
      Object {
        "experimentId": "abcd1234",
        "input": Object {
          "authJWT": "Bearer eyJraWQiOiJ2TytRZ1lud0lnOU5pT2Y3azJTNEFEY2xvaDBwVlNUbkNNd",
          "processName": "gem2s",
        },
        "response": Object {
          "error": "some unknwon error",
        },
        "status": Object {
          "gem2s": Object {
            "completedSteps": Array [],
            "startDate": null,
            "status": "SUCCEEDED",
            "stopDate": null,
          },
        },
        "type": "gem2s",
      },
    ],
  ],
  "results": Array [
    Object {
      "type": "return",
      "value": undefined,
    },
  ],
}
`;

exports[`gem2s gem2sResponse - Should return message if message is valid 1`] = `
[MockFunction] {
  "calls": Array [
    Array [
      "ExperimentUpdates-abcd1234",
      Object {
        "experimentId": "abcd1234",
        "input": Object {
          "authJWT": "samplejwt",
          "processName": "gem2s",
        },
        "status": Object {
          "gem2s": Object {
            "completedSteps": Array [],
            "startDate": null,
            "status": "SUCCEEDED",
            "stopDate": null,
          },
        },
        "taskName": "downloadGem",
        "type": "gem2s",
      },
    ],
  ],
  "results": Array [
    Object {
      "type": "return",
      "value": undefined,
    },
  ],
}
`;

exports[`gem2s generateGem2sParams - Should generate GEM2S taskParams correctly 1`] = `
Object {
  "authJWT": "mockAuthJwtToken",
  "experimentName": "New experiment",
  "input": Object {
    "type": "10x",
  },
  "metadata": Object {
    "group": Array [
      "case",
      "control",
    ],
  },
  "organism": null,
  "projectId": "project-2",
  "sampleIds": Array [
    "sample-1",
    "sample-2",
  ],
  "sampleNames": Array [
    "Sample 1",
    "Sample 2",
  ],
}
`;

exports[`gem2s sendUpdateToSubscribed - Should send update if payloads are correct 1`] = `
[MockFunction] {
  "calls": Array [
    Array [
      "ExperimentUpdates-abcd1234",
      Object {
        "authJWT": "Bearer eyJraWQiOiJ2TytRZ1lud0lnOU5pT2Y3azJTNEFEY2xvaDBwVlNUbkNNd",
        "experimentId": "experimentId",
        "status": Object {
          "gem2s": Object {
            "completedSteps": Array [],
            "startDate": null,
            "status": "SUCCEEDED",
            "stopDate": null,
          },
        },
        "taskName": "downloadGem",
        "type": "gem2s",
      },
    ],
  ],
  "results": Array [
    Object {
      "type": "return",
      "value": undefined,
    },
  ],
}
`;
