// Jest Snapshot v1, https://goo.gl/fbAQLP

exports[`handleQCResponse module handleQCResponse main function Sends updates when there are errors in the message 1`] = `
Array [
  Array [
    "experi-mentid-11111111-1111111-11111",
    Array [
      Object {
        "body": Object {
          "aaaaaaaa-bbbb-3333-4444-999999999999": Object {
            "api_url": "http://api-url-to-our-url.api-to.etc.local:3000",
            "auth_JWT": "Bearer Im your token man",
            "auto": true,
            "defaultFilterSettings": Object {
              "binStep": 0.05,
              "probabilityThreshold": 0.7622447,
            },
            "enabled": true,
            "filterSettings": Object {
              "binStep": 0.05,
              "probabilityThreshold": 0.7622447,
            },
          },
          "enabled": true,
          "sampleId": Object {
            "auto": true,
            "defaultFilterSettings": Object {
              "binStep": 200,
              "minCellSize": 420,
            },
            "filterSettings": Object {
              "binStep": 200,
              "minCellSize": 420,
            },
          },
        },
        "name": "cellSizeDistribution",
      },
    ],
  ],
]
`;

exports[`handleQCResponse module handleQCResponse main function Updates processing config when output contains a valid config 1`] = `
Array [
  Array [
    "experi-mentid-11111111-1111111-11111",
  ],
]
`;

exports[`handleQCResponse module handleQCResponse main function Updates processing config when output contains a valid config 2`] = `
Array [
  Array [
    "experi-mentid-11111111-1111111-11111",
    Array [
      Object {
        "body": Object {
          "aaaaaaaa-bbbb-3333-4444-999999999999": Object {
            "api_url": "http://api-url-to-our-url.api-to.etc.local:3000",
            "auth_JWT": "Bearer Im your token man",
            "auto": true,
            "defaultFilterSettings": Object {
              "binStep": 0.05,
              "probabilityThreshold": 0.7622447,
            },
            "enabled": true,
            "filterSettings": Object {
              "binStep": 0.05,
              "probabilityThreshold": 0.7622447,
            },
          },
        },
        "name": "classifier",
      },
    ],
  ],
]
`;
