// Jest Snapshot v1, https://goo.gl/fbAQLP

exports[`obj2sResponse works correctly 1`] = `
Array [
  "ExperimentUpdates-mockExperimentId",
  Object {
    "experimentId": "mockExperimentId",
    "input": Object {},
    "response": Object {},
    "status": Object {
      "status": Object {
        "obj2s": Object {
          "completedSteps": Array [
            "DownloadObj2sFile",
          ],
          "error": false,
          "shouldRerun": true,
          "startDate": "2022-05-10T16:30:16.268Z",
          "status": "RUNNING",
          "stopDate": null,
        },
      },
    },
    "type": "obj2s",
  },
]
`;

exports[`startObj2sPipeline works correctly 1`] = `
Array [
  "mockExperimentId",
  "obj2s",
  Object {
    "execution_arn": "mockExecutionArn",
    "last_pipeline_params": Object {
      "metadata": Object {},
      "sampleIds": Array [
        "fc68aefc-c3ca-467f-8589-f1dbaaac1c1e",
      ],
      "sampleNames": Array [
        "scdata",
      ],
      "sampleOptions": Array [
        undefined,
      ],
      "sampleTechnology": "obj2s",
    },
    "state_machine_arn": "mockStateMachineArn",
  },
  Object {
    "experimentId": "mockExperimentId",
  },
]
`;

exports[`startObj2sPipeline works correctly 2`] = `undefined`;

exports[`startObj2sPipeline works correctly 3`] = `
Array [
  "mockExperimentId",
  Object {
    "authJWT": "mockAuthJWT",
    "experimentName": "asdsadsada",
    "input": Object {
      "type": "obj2s",
    },
    "organism": null,
    "projectId": "mockExperimentId",
    "sampleIds": Array [
      "fc68aefc-c3ca-467f-8589-f1dbaaac1c1e",
    ],
    "sampleNames": Array [
      "scdata",
    ],
    "sampleOptions": Object {
      "fc68aefc-c3ca-467f-8589-f1dbaaac1c1e": Object {},
    },
    "sampleS3Paths": Object {
      "fc68aefc-c3ca-467f-8589-f1dbaaac1c1e": Object {
        "obj2s": "68f74995-3689-401a-90e0-145e08049cd5",
      },
    },
  },
  "mockAuthJWT",
]
`;
